[INFO] 2026-08-10 00:30:18,461 - ppas.wrappers - Module 1 run started: run_20260810_003018
[INFO] 2026-08-10 00:30:22,538 - ppas.wrappers - Module 1 run completed: 1 employee(s), 1 report(s)
[INFO] 2026-08-10 00:31:50,444 - ppas.wrappers - Module 1 run started: run_20260810_003148
[INFO] 2026-08-10 00:39:33,949 - ppas.wrappers - Module 1 run completed: 1338 employee(s), 1338 report(s)
[ERROR] 2026-08-10 02:00:22,698 - ppas.page.module_2 - Module 2 unexpected error: Unified Module 2 execution is scheduled for Phase 3.
Traceback (most recent call last):
  File "E:\projects\Payroll_Process_Automation_Suite\pages\Payroll_Validation.py", line 239, in <module>
    summary = wrappers.run_module_2(
        master_file=master_path,
    ...<5 lines>...
        progress_callback=_update_progress,
    )
  File "E:\projects\Payroll_Process_Automation_Suite\modules\wrappers.py", line 137, in run_module_2
    raise NotImplementedError("Unified Module 2 execution is scheduled for Phase 3.")
NotImplementedError: Unified Module 2 execution is scheduled for Phase 3.
[ERROR] 2026-08-10 02:18:11,196 - ppas.page.module_2 - Module 2 unexpected error: Unified Module 2 execution is scheduled for Phase 3.
Traceback (most recent call last):
  File "E:\projects\Payroll_Process_Automation_Suite\pages\Payroll_Validation.py", line 257, in <module>
    summary = wrappers.run_module_2(
        master_file=master_path,
    ...<5 lines>...
        progress_callback=_update_progress,
    )
  File "E:\projects\Payroll_Process_Automation_Suite\modules\wrappers.py", line 137, in run_module_2
    raise NotImplementedError("Unified Module 2 execution is scheduled for Phase 3.")
NotImplementedError: Unified Module 2 execution is scheduled for Phase 3.
[ERROR] 2026-08-10 02:18:15,446 - ppas.page.module_2 - Module 2 unexpected error: Unified Module 2 execution is scheduled for Phase 3.
Traceback (most recent call last):
  File "E:\projects\Payroll_Process_Automation_Suite\pages\Payroll_Validation.py", line 257, in <module>
    summary = wrappers.run_module_2(
        master_file=master_path,
    ...<5 lines>...
        progress_callback=_update_progress,
    )
  File "E:\projects\Payroll_Process_Automation_Suite\modules\wrappers.py", line 137, in run_module_2
    raise NotImplementedError("Unified Module 2 execution is scheduled for Phase 3.")
NotImplementedError: Unified Module 2 execution is scheduled for Phase 3.
[ERROR] 2026-08-10 10:07:40,573 - ppas.page.module_2 - Module 2 unexpected error: Unified Module 2 execution is scheduled for Phase 3.
Traceback (most recent call last):
  File "E:\projects\Payroll_Process_Automation_Suite\pages\Payroll_Validation.py", line 257, in <module>
    summary = wrappers.run_module_2(
        master_file=master_path,
    ...<5 lines>...
        progress_callback=_update_progress,
    )
  File "E:\projects\Payroll_Process_Automation_Suite\modules\wrappers.py", line 137, in run_module_2
    raise NotImplementedError("Unified Module 2 execution is scheduled for Phase 3.")
NotImplementedError: Unified Module 2 execution is scheduled for Phase 3.
[INFO] 2026-08-10 15:13:54,180 - ppas.wrappers - Module 1 run started: run_20260810_151350
[ERROR] 2026-08-11 00:34:20,922 - ppas.page.module_2 - Module 2 unexpected error: Unified Module 2 execution is scheduled for Phase 3.
Traceback (most recent call last):
  File "E:\projects\Payroll_Process_Automation_Suite\pages\Payroll_Validation.py", line 257, in <module>
    summary = wrappers.run_module_2(
        master_file=master_path,
    ...<5 lines>...
        progress_callback=_update_progress,
    )
  File "E:\projects\Payroll_Process_Automation_Suite\modules\wrappers.py", line 137, in run_module_2
    raise NotImplementedError("Unified Module 2 execution is scheduled for Phase 3.")
NotImplementedError: Unified Module 2 execution is scheduled for Phase 3.
[INFO] 2026-08-11 01:55:07,033 - ppas.wrappers - Module 2 run started: run_m2_20260811_015507
[INFO] 2026-08-11 02:08:00,496 - ppas.wrappers - Module 2 run completed: 721 validated, 721 corrected
[INFO] 2026-08-11 03:19:59,316 - ppas.wrappers - Module 1 run started: run_20260811_031959
[INFO] 2026-08-11 03:21:05,968 - ppas.wrappers - Module 1 run started: run_20260811_032105
[INFO] 2026-08-11 03:21:17,910 - ppas.wrappers - Module 1 run completed: 12 employee(s), 12 report(s)
[INFO] 2026-09-10 23:05:31,705 - ppas.wrappers - Module 2 run started: run_m2_20260910_230526
[INFO] 2026-09-10 23:12:16,485 - ppas.wrappers - Module 2 run completed: 721 validated, 721 corrected
